Archive member included to satisfy reference by file (symbol)

C:/ST/STM32CubeIDE_2.1.1/STM32CubeIDE/plugins/com.st.stm32cube.ide.mcu.externaltools.gnu-tools-for-stm32.14.3.rel1.win32_1.0.100.202602081740/tools/bin/../lib/gcc/arm-none-eabi/14.3.1/../../../../arm-none-eabi/lib/thumb/v7e-m/nofp\libg_nano.a(libc_a-exit.o)
                              C:/ST/STM32CubeIDE_2.1.1/STM32CubeIDE/plugins/com.st.stm32cube.ide.mcu.externaltools.gnu-tools-for-stm32.14.3.rel1.win32_1.0.100.202602081740/tools/bin/../lib/gcc/arm-none-eabi/14.3.1/../../../../arm-none-eabi/lib/thumb/v7e-m/nofp/crt0.o (exit)
C:/ST/STM32CubeIDE_2.1.1/STM32CubeIDE/plugins/com.st.stm32cube.ide.mcu.externaltools.gnu-tools-for-stm32.14.3.rel1.win32_1.0.100.202602081740/tools/bin/../lib/gcc/arm-none-eabi/14.3.1/../../../../arm-none-eabi/lib/thumb/v7e-m/nofp\libg_nano.a(libc_a-findfp.o)
                              C:/ST/STM32CubeIDE_2.1.1/STM32CubeIDE/plugins/com.st.stm32cube.ide.mcu.externaltools.gnu-tools-for-stm32.14.3.rel1.win32_1.0.100.202602081740/tools/bin/../lib/gcc/arm-none-eabi/14.3.1/../../../../arm-none-eabi/lib/thumb/v7e-m/nofp\libg_nano.a(libc_a-exit.o) (__stdio_exit_handler)
C:/ST/STM32CubeIDE_2.1.1/STM32CubeIDE/plugins/com.st.stm32cube.ide.mcu.externaltools.gnu-tools-for-stm32.14.3.rel1.win32_1.0.100.202602081740/tools/bin/../lib/gcc/arm-none-eabi/14.3.1/../../../../arm-none-eabi/lib/thumb/v7e-m/nofp\libg_nano.a(libc_a-fwalk.o)
                              C:/ST/STM32CubeIDE_2.1.1/STM32CubeIDE/plugins/com.st.stm32cube.ide.mcu.externaltools.gnu-tools-for-stm32.14.3.rel1.win32_1.0.100.202602081740/tools/bin/../lib/gcc/arm-none-eabi/14.3.1/../../../../arm-none-eabi/lib/thumb/v7e-m/nofp\libg_nano.a(libc_a-findfp.o) (_fwalk_sglue)
C:/ST/STM32CubeIDE_2.1.1/STM32CubeIDE/plugins/com.st.stm32cube.ide.mcu.externaltools.gnu-tools-for-stm32.14.3.rel1.win32_1.0.100.202602081740/tools/bin/../lib/gcc/arm-none-eabi/14.3.1/../../../../arm-none-eabi/lib/thumb/v7e-m/nofp\libg_nano.a(libc_a-stdio.o)
                              C:/ST/STM32CubeIDE_2.1.1/STM32CubeIDE/plugins/com.st.stm32cube.ide.mcu.externaltools.gnu-tools-for-stm32.14.3.rel1.win32_1.0.100.202602081740/tools/bin/../lib/gcc/arm-none-eabi/14.3.1/../../../../arm-none-eabi/lib/thumb/v7e-m/nofp\libg_nano.a(libc_a-findfp.o) (__sread)
C:/ST/STM32CubeIDE_2.1.1/STM32CubeIDE/plugins/com.st.stm32cube.ide.mcu.externaltools.gnu-tools-for-stm32.14.3.rel1.win32_1.0.100.202602081740/tools/bin/../lib/gcc/arm-none-eabi/14.3.1/../../../../arm-none-eabi/lib/thumb/v7e-m/nofp\libg_nano.a(libc_a-memset.o)
                              C:/ST/STM32CubeIDE_2.1.1/STM32CubeIDE/plugins/com.st.stm32cube.ide.mcu.externaltools.gnu-tools-for-stm32.14.3.rel1.win32_1.0.100.202602081740/tools/bin/../lib/gcc/arm-none-eabi/14.3.1/../../../../arm-none-eabi/lib/thumb/v7e-m/nofp/crt0.o (memset)
C:/ST/STM32CubeIDE_2.1.1/STM32CubeIDE/plugins/com.st.stm32cube.ide.mcu.externaltools.gnu-tools-for-stm32.14.3.rel1.win32_1.0.100.202602081740/tools/bin/../lib/gcc/arm-none-eabi/14.3.1/../../../../arm-none-eabi/lib/thumb/v7e-m/nofp\libg_nano.a(libc_a-closer.o)
                              C:/ST/STM32CubeIDE_2.1.1/STM32CubeIDE/plugins/com.st.stm32cube.ide.mcu.externaltools.gnu-tools-for-stm32.14.3.rel1.win32_1.0.100.202602081740/tools/bin/../lib/gcc/arm-none-eabi/14.3.1/../../../../arm-none-eabi/lib/thumb/v7e-m/nofp\libg_nano.a(libc_a-stdio.o) (_close_r)
C:/ST/STM32CubeIDE_2.1.1/STM32CubeIDE/plugins/com.st.stm32cube.ide.mcu.externaltools.gnu-tools-for-stm32.14.3.rel1.win32_1.0.100.202602081740/tools/bin/../lib/gcc/arm-none-eabi/14.3.1/../../../../arm-none-eabi/lib/thumb/v7e-m/nofp\libg_nano.a(libc_a-reent.o)
                              C:/ST/STM32CubeIDE_2.1.1/STM32CubeIDE/plugins/com.st.stm32cube.ide.mcu.externaltools.gnu-tools-for-stm32.14.3.rel1.win32_1.0.100.202602081740/tools/bin/../lib/gcc/arm-none-eabi/14.3.1/../../../../arm-none-eabi/lib/thumb/v7e-m/nofp\libg_nano.a(libc_a-closer.o) (errno)
C:/ST/STM32CubeIDE_2.1.1/STM32CubeIDE/plugins/com.st.stm32cube.ide.mcu.externaltools.gnu-tools-for-stm32.14.3.rel1.win32_1.0.100.202602081740/tools/bin/../lib/gcc/arm-none-eabi/14.3.1/../../../../arm-none-eabi/lib/thumb/v7e-m/nofp\libg_nano.a(libc_a-impure.o)
                              C:/ST/STM32CubeIDE_2.1.1/STM32CubeIDE/plugins/com.st.stm32cube.ide.mcu.externaltools.gnu-tools-for-stm32.14.3.rel1.win32_1.0.100.202602081740/tools/bin/../lib/gcc/arm-none-eabi/14.3.1/../../../../arm-none-eabi/lib/thumb/v7e-m/nofp\libg_nano.a(libc_a-reent.o) (_impure_ptr)
C:/ST/STM32CubeIDE_2.1.1/STM32CubeIDE/plugins/com.st.stm32cube.ide.mcu.externaltools.gnu-tools-for-stm32.14.3.rel1.win32_1.0.100.202602081740/tools/bin/../lib/gcc/arm-none-eabi/14.3.1/../../../../arm-none-eabi/lib/thumb/v7e-m/nofp\libg_nano.a(libc_a-lseekr.o)
[...]
Memory Configuration

Name             Origin             Length             Attributes
FLASH            0x08000000         0x00080000         xr
RAM              0x20000000         0x00018000         xrw
*default*        0x00000000         0xffffffff

Linker script and memory map

LOAD C:/ST/STM32CubeIDE_2.1.1/STM32CubeIDE/plugins/com.st.stm32cube.ide.mcu.externaltools.gnu-tools-for-stm32.14.3.rel1.win32_1.0.100.202602081740/tools/bin/../lib/gcc/arm-none-eabi/14.3.1/thumb/v7e-m/nofp/crti.o
LOAD C:/ST/STM32CubeIDE_2.1.1/STM32CubeIDE/plugins/com.st.stm32cube.ide.mcu.externaltools.gnu-tools-for-stm32.14.3.rel1.win32_1.0.100.202602081740/tools/bin/../lib/gcc/arm-none-eabi/14.3.1/thumb/v7e-m/nofp/crtbegin.o
LOAD C:/ST/STM32CubeIDE_2.1.1/STM32CubeIDE/plugins/com.st.stm32cube.ide.mcu.externaltools.gnu-tools-for-stm32.14.3.rel1.win32_1.0.100.202602081740/tools/bin/../lib/gcc/arm-none-eabi/14.3.1/../../../../arm-none-eabi/lib/thumb/v7e-m/nofp/crt0.o
LOAD C:\Users\lenovo\AppData\Local\Temp\ccwnCBHP.o
LOAD C:\Users\lenovo\AppData\Local\Temp\cc057fku.o
LOAD C:\Users\lenovo\AppData\Local\Temp\ccsLk7Vc.o
LOAD C:\Users\lenovo\AppData\Local\Temp\ccy1j5U2.o
LOAD C:\Users\lenovo\AppData\Local\Temp\ccI3axJZ.o
LOAD C:\Users\lenovo\AppData\Local\Temp\ccGHqOz4.o
LOAD C:\Users\lenovo\AppData\Local\Temp\ccsrcfqe.o
LOAD C:\Users\lenovo\AppData\Local\Temp\ccBIREel.o
LOAD C:\Users\lenovo\AppData\Local\Temp\ccY24QGu.o
LOAD C:\Users\lenovo\AppData\Local\Temp\ccNtkwSI.o
LOAD C:\Users\lenovo\AppData\Local\Temp\ccA9Ngb6.o
LOAD C:\Users\lenovo\AppData\Local\Temp\ccxiqB5w.o
LOAD C:\Users\lenovo\AppData\Local\Temp\ccWtAoy1.o
START GROUP
LOAD C:/ST/STM32CubeIDE_2.1.1/STM32CubeIDE/plugins/com.st.stm32cube.ide.mcu.externaltools.gnu-tools-for-stm32.14.3.rel1.win32_1.0.100.202602081740/tools/bin/../lib/gcc/arm-none-eabi/14.3.1/thumb/v7e-m/nofp\libgcc.a
LOAD C:/ST/STM32CubeIDE_2.1.1/STM32CubeIDE/plugins/com.st.stm32cube.ide.mcu.externaltools.gnu-tools-for-stm32.14.3.rel1.win32_1.0.100.202602081740/tools/bin/../lib/gcc/arm-none-eabi/14.3.1/../../../../arm-none-eabi/lib/thumb/v7e-m/nofp\libg_nano.a
LOAD C:/ST/STM32CubeIDE_2.1.1/STM32CubeIDE/plugins/com.st.stm32cube.ide.mcu.externaltools.gnu-tools-for-stm32.14.3.rel1.win32_1.0.100.202602081740/tools/bin/../lib/gcc/arm-none-eabi/14.3.1/../../../../arm-none-eabi/lib/thumb/v7e-m/nofp\libc_nano.a
END GROUP
START GROUP
LOAD C:/ST/STM32CubeIDE_2.1.1/STM32CubeIDE/plugins/com.st.stm32cube.ide.mcu.externaltools.gnu-tools-for-stm32.14.3.rel1.win32_1.0.100.202602081740/tools/bin/../lib/gcc/arm-none-eabi/14.3.1/thumb/v7e-m/nofp\libgcc.a
LOAD C:/ST/STM32CubeIDE_2.1.1/STM32CubeIDE/plugins/com.st.stm32cube.ide.mcu.externaltools.gnu-tools-for-stm32.14.3.rel1.win32_1.0.100.202602081740/tools/bin/../lib/gcc/arm-none-eabi/14.3.1/../../../../arm-none-eabi/lib/thumb/v7e-m/nofp\libc_nano.a
END GROUP
LOAD C:/ST/STM32CubeIDE_2.1.1/STM32CubeIDE/plugins/com.st.stm32cube.ide.mcu.externaltools.gnu-tools-for-stm32.14.3.rel1.win32_1.0.100.202602081740/tools/bin/../lib/gcc/arm-none-eabi/14.3.1/thumb/v7e-m/nofp/crtend.o
LOAD C:/ST/STM32CubeIDE_2.1.1/STM32CubeIDE/plugins/com.st.stm32cube.ide.mcu.externaltools.gnu-tools-for-stm32.14.3.rel1.win32_1.0.100.202602081740/tools/bin/../lib/gcc/arm-none-eabi/14.3.1/thumb/v7e-m/nofp/crtn.o

.text           0x08000000     0x10ac
 *(.isr_vector)
 .isr_vector    0x08000000       0xe4 C:\Users\lenovo\AppData\Local\Temp\ccWtAoy1.o
 *(.text*)
 .text.Rcc_Init
                0x080000e4       0x1c C:\Users\lenovo\AppData\Local\Temp\ccwnCBHP.o
                0x080000e4                Rcc_Init
 .text.Rcc_Enable
                0x08000100       0xa8 C:\Users\lenovo\AppData\Local\Temp\ccwnCBHP.o
                0x08000100                Rcc_Enable
 .text.Gpio_Init
                0x080001a8       0xc0 C:\Users\lenovo\AppData\Local\Temp\cc057fku.o
                0x080001a8                Gpio_Init
 .text.Gpio_SetAlternateFunction
                0x08000268       0x94 C:\Users\lenovo\AppData\Local\Temp\cc057fku.o
                0x08000268                Gpio_SetAlternateFunction
 .text.Gpio_WritePin
                0x080002fc       0x7c C:\Users\lenovo\AppData\Local\Temp\cc057fku.o
                0x080002fc                Gpio_WritePin
 .text.EXTI0_IRQHandler
                0x08000378       0x2c C:\Users\lenovo\AppData\Local\Temp\ccsLk7Vc.o
                0x08000378                EXTI0_IRQHandler
 .text.EXTI1_IRQHandler
                0x080003a4       0x2c C:\Users\lenovo\AppData\Local\Temp\ccsLk7Vc.o
                0x080003a4                EXTI1_IRQHandler
 .text.EXTI2_IRQHandler
                0x080003d0       0x2c C:\Users\lenovo\AppData\Local\Temp\ccsLk7Vc.o
                0x080003d0                EXTI2_IRQHandler
 .text.EXTI3_IRQHandler
                0x080003fc       0x2c C:\Users\lenovo\AppData\Local\Temp\ccsLk7Vc.o
                0x080003fc                EXTI3_IRQHandler
 .text.EXTI4_IRQHandler
                0x08000428       0x2c C:\Users\lenovo\AppData\Local\Temp\ccsLk7Vc.o
                0x08000428                EXTI4_IRQHandler
 .text.EXTI9_5_IRQHandler
                0x08000454       0x68 C:\Users\lenovo\AppData\Local\Temp\ccsLk7Vc.o
                0x08000454                EXTI9_5_IRQHandler
 .text.EXTI15_10_IRQHandler
                0x080004bc       0x68 C:\Users\lenovo\AppData\Local\Temp\ccsLk7Vc.o
                0x080004bc                EXTI15_10_IRQHandler
 .text.Adc_SetSampleTime
                0x08000524       0x8c C:\Users\lenovo\AppData\Local\Temp\ccy1j5U2.o
 .text.Adc_Init
                0x080005b0       0x50 C:\Users\lenovo\AppData\Local\Temp\ccy1j5U2.o
                0x080005b0                Adc_Init
 .text.Adc_StartConversion
                0x08000600       0x24 C:\Users\lenovo\AppData\Local\Temp\ccy1j5U2.o
                0x08000600                Adc_StartConversion
 .text.Adc_ConfigSingleChannel_OneShot
                0x08000624       0x74 C:\Users\lenovo\AppData\Local\Temp\ccy1j5U2.o
                0x08000624                Adc_ConfigSingleChannel_OneShot
 .text.Adc_ReadSingleChannelAsync
                0x08000698       0x58 C:\Users\lenovo\AppData\Local\Temp\ccy1j5U2.o
                0x08000698                Adc_ReadSingleChannelAsync
 .text.ADC_IRQHandler
                0x080006f0       0xe0 C:\Users\lenovo\AppData\Local\Temp\ccy1j5U2.o
                0x080006f0                ADC_IRQHandler
 .text.Timer_HandleIrq
                0x080007d0       0x64 C:\Users\lenovo\AppData\Local\Temp\ccI3axJZ.o
 .text.TIM2_IRQHandler
                0x08000834        0xe C:\Users\lenovo\AppData\Local\Temp\ccI3axJZ.o
                0x08000834                TIM2_IRQHandler
 .text.TIM3_IRQHandler
                0x08000842        0xe C:\Users\lenovo\AppData\Local\Temp\ccI3axJZ.o
                0x08000842                TIM3_IRQHandler
 .text.TIM4_IRQHandler
                0x08000850        0xe C:\Users\lenovo\AppData\Local\Temp\ccI3axJZ.o
                0x08000850                TIM4_IRQHandler
 *fill*         0x0800085e        0x2 
 .text.Pwm_Init
                0x08000860      0x104 C:\Users\lenovo\AppData\Local\Temp\ccGHqOz4.o
                0x08000860                Pwm_Init
 .text.Pwm_SetDutyPercent
                0x08000964       0x68 C:\Users\lenovo\AppData\Local\Temp\ccGHqOz4.o
                0x08000964                Pwm_SetDutyPercent
 .text.Pwm_Start
                0x080009cc       0x4c C:\Users\lenovo\AppData\Local\Temp\ccGHqOz4.o
                0x080009cc                Pwm_Start
 .text.Nvic_EnableIrq
                0x08000a18       0x34 C:\Users\lenovo\AppData\Local\Temp\ccsrcfqe.o
                0x08000a18                Nvic_EnableIrq
 .text.Lcd_DelayCycles
                0x08000a4c       0x2a C:\Users\lenovo\AppData\Local\Temp\ccA9Ngb6.o
 .text.Lcd_WriteNibble
                0x08000a76       0x8a C:\Users\lenovo\AppData\Local\Temp\ccA9Ngb6.o
 .text.Lcd_WriteByte
                0x08000b00       0x3e C:\Users\lenovo\AppData\Local\Temp\ccA9Ngb6.o
 *fill*         0x08000b3e        0x2 
 .text.Lcd1602_Init
                0x08000b40       0xc8 C:\Users\lenovo\AppData\Local\Temp\ccA9Ngb6.o
                0x08000b40                Lcd1602_Init
 .text.Lcd1602_Clear
                0x08000c08       0x18 C:\Users\lenovo\AppData\Local\Temp\ccA9Ngb6.o
                0x08000c08                Lcd1602_Clear
 .text.Lcd1602_SetCursor
                0x08000c20       0x3c C:\Users\lenovo\AppData\Local\Temp\ccA9Ngb6.o
                0x08000c20                Lcd1602_SetCursor
 .text.Lcd1602_WriteChar
                0x08000c5c       0x1c C:\Users\lenovo\AppData\Local\Temp\ccA9Ngb6.o
                0x08000c5c                Lcd1602_WriteChar
 .text.Lcd1602_WriteString
                0x08000c78       0x30 C:\Users\lenovo\AppData\Local\Temp\ccA9Ngb6.o
                0x08000c78                Lcd1602_WriteString
 .text.AdcCallback
                0x08000ca8       0x20 C:\Users\lenovo\AppData\Local\Temp\ccxiqB5w.o
                0x08000ca8                AdcCallback
 .text.DelayMs  0x08000cc8       0x32 C:\Users\lenovo\AppData\Local\Temp\ccxiqB5w.o
                0x08000cc8                DelayMs
 *fill*         0x08000cfa        0x2 
 .text.IntToStr
                0x08000cfc       0xf0 C:\Users\lenovo\AppData\Local\Temp\ccxiqB5w.o
                0x08000cfc                IntToStr
 .text.main     0x08000dec      0x234 C:\Users\lenovo\AppData\Local\Temp\ccxiqB5w.o
                0x08000dec                main
 .text.Default_Handler
                0x08001020        0x2 C:\Users\lenovo\AppData\Local\Temp\ccWtAoy1.o
                0x08001020                DebugMon_Handler
                0x08001020                TIM1_CC_IRQHandler
                0x08001020                HardFault_Handler
                0x08001020                DMA1_Stream5_IRQHandler
                0x08001020                SysTick_Handler
                0x08001020                PVD_IRQHandler
                0x08001020                TAMP_STAMP_IRQHandler
                0x08001020                PendSV_Handler
                0x08001020                NMI_Handler
                0x08001020                TIM1_UP_TIM10_IRQHandler
                0x08001020                I2C2_EV_IRQHandler
                0x08001020                DMA1_Stream2_IRQHandler
                0x08001020                UsageFault_Handler
                0x08001020                SPI1_IRQHandler
                0x08001020                TIM1_BRK_TIM9_IRQHandler
                0x08001020                I2C1_EV_IRQHandler
                0x08001020                DMA1_Stream6_IRQHandler
                0x08001020                DMA1_Stream1_IRQHandler
                0x08001020                RCC_IRQHandler
                0x08001020                RTC_WKUP_IRQHandler
                0x08001020                SPI2_IRQHandler
                0x08001020                MemManage_Handler
                0x08001020                DMA1_Stream0_IRQHandler
                0x08001020                SVC_Handler
                0x08001020                WWDG_IRQHandler
                0x08001020                TIM1_TRG_COM_TIM11_IRQHandler
                0x08001020                USART2_IRQHandler
                0x08001020                I2C2_ER_IRQHandler
                0x08001020                FLASH_IRQHandler
                0x08001020                BusFault_Handler
                0x08001020                USART1_IRQHandler
                0x08001020                DMA1_Stream4_IRQHandler
                0x08001020                I2C1_ER_IRQHandler
                0x08001020                DMA1_Stream3_IRQHandler
 *fill*         0x08001022        0x2 
 .text.Reset_Handler
                0x08001024       0x48 C:\Users\lenovo\AppData\Local\Temp\ccWtAoy1.o
                0x08001024                Reset_Handler
 *(.rodata*)
 .rodata        0x0800106c       0x36 C:\Users\lenovo\AppData\Local\Temp\ccxiqB5w.o
 *(.init)
 *fill*         0x080010a2        0x2 
 .init          0x080010a4        0x4 C:/ST/STM32CubeIDE_2.1.1/STM32CubeIDE/plugins/com.st.stm32cube.ide.mcu.externaltools.gnu-tools-for-stm32.14.3.rel1.win32_1.0.100.202602081740/tools/bin/../lib/gcc/arm-none-eabi/14.3.1/thumb/v7e-m/nofp/crti.o
                0x080010a4                _init
 *(.fini)
 .fini          0x080010a8        0x4 C:/ST/STM32CubeIDE_2.1.1/STM32CubeIDE/plugins/com.st.stm32cube.ide.mcu.externaltools.gnu-tools-for-stm32.14.3.rel1.win32_1.0.100.202602081740/tools/bin/../lib/gcc/arm-none-eabi/14.3.1/thumb/v7e-m/nofp/crti.o
                0x080010a8                _fini
                0x080010ac                        _etext = .

.glue_7         0x080010ac        0x0
 .glue_7        0x080010ac        0x0 linker stubs

.glue_7t        0x080010ac        0x0
 .glue_7t       0x080010ac        0x0 linker stubs

.vfp11_veneer   0x080010ac        0x0
 .vfp11_veneer  0x080010ac        0x0 linker stubs

.v4_bx          0x080010ac        0x0
 .v4_bx         0x080010ac        0x0 linker stubs

.iplt           0x080010ac        0x0
 .iplt          0x080010ac        0x0 C:\Users\lenovo\AppData\Local\Temp\ccwnCBHP.o

.rel.dyn        0x080010ac        0x0
 .rel.iplt      0x080010ac        0x0 C:\Users\lenovo\AppData\Local\Temp\ccwnCBHP.o

.data           0x20000000       0x30 load address 0x080010ac
                0x20000000                        _sdata = .
 *(.data*)
 .data.addressMap
                0x20000000       0x10 C:\Users\lenovo\AppData\Local\Temp\cc057fku.o
 .data.Timer_BaseAddresses
                0x20000010       0x10 C:\Users\lenovo\AppData\Local\Temp\ccI3axJZ.o
 .data.Pwm_BaseAddresses
                0x20000020       0x10 C:\Users\lenovo\AppData\Local\Temp\ccGHqOz4.o
                0x20000030                        _edata = .

.igot.plt       0x20000030        0x0 load address 0x080010dc
 .igot.plt      0x20000030        0x0 C:\Users\lenovo\AppData\Local\Temp\ccwnCBHP.o

.bss            0x20000030       0x66 load address 0x080010dc
                0x20000030                        _sbss = .
 *(.bss*)
 .bss.ExtiCallbacks
                0x20000030       0x40 C:\Users\lenovo\AppData\Local\Temp\ccsLk7Vc.o
 .bss.Adc_CurrentAsyncState
                0x20000070        0x1 C:\Users\lenovo\AppData\Local\Temp\ccy1j5U2.o
 *fill*         0x20000071        0x3 
 .bss.Adc_AsyncBuf
                0x20000074        0x4 C:\Users\lenovo\AppData\Local\Temp\ccy1j5U2.o
 .bss.Adc_AsyncTotal
                0x20000078        0x1 C:\Users\lenovo\AppData\Local\Temp\ccy1j5U2.o
 .bss.Adc_AsyncIndex
                0x20000079        0x1 C:\Users\lenovo\AppData\Local\Temp\ccy1j5U2.o
 *fill*         0x2000007a        0x2 
 .bss.Adc_AsyncCallback
                0x2000007c        0x4 C:\Users\lenovo\AppData\Local\Temp\ccy1j5U2.o
 .bss.Adc_SingleCallback
                0x20000080        0x4 C:\Users\lenovo\AppData\Local\Temp\ccy1j5U2.o
 .bss.Timer_Callbacks
                0x20000084       0x10 C:\Users\lenovo\AppData\Local\Temp\ccI3axJZ.o
 .bss.G_ADC_Value
                0x20000094        0x2 C:\Users\lenovo\AppData\Local\Temp\ccxiqB5w.o
                0x20000094                G_ADC_Value
 *(COMMON)
                0x20000096                        _ebss = .
                0x20018000                        _estack = (ORIGIN (RAM) + LENGTH (RAM))

/DISCARD/
 *(.ARM.attributes)
OUTPUT(build/TheAutoCooler.elf elf32-littlearm)
LOAD linker stubs

.debug_info     0x00000000     0x1aca
 .debug_info    0x00000000      0x10d C:\Users\lenovo\AppData\Local\Temp\ccwnCBHP.o
 .debug_info    0x0000010d      0x2e4 C:\Users\lenovo\AppData\Local\Temp\cc057fku.o
 .debug_info    0x000003f1      0x379 C:\Users\lenovo\AppData\Local\Temp\ccsLk7Vc.o
 .debug_info    0x0000076a      0x463 C:\Users\lenovo\AppData\Local\Temp\ccy1j5U2.o
 .debug_info    0x00000bcd      0x4b2 C:\Users\lenovo\AppData\Local\Temp\ccI3axJZ.o
 .debug_info    0x0000107f      0x333 C:\Users\lenovo\AppData\Local\Temp\ccGHqOz4.o
 .debug_info    0x000013b2      0x136 C:\Users\lenovo\AppData\Local\Temp\ccsrcfqe.o
 .debug_info    0x000014e8      0x201 C:\Users\lenovo\AppData\Local\Temp\ccA9Ngb6.o
 .debug_info    0x000016e9      0x3b1 C:\Users\lenovo\AppData\Local\Temp\ccxiqB5w.o
 .debug_info    0x00001a9a       0x30 C:\Users\lenovo\AppData\Local\Temp\ccWtAoy1.o

.debug_abbrev   0x00000000      0xa5c
 .debug_abbrev  0x00000000       0x8b C:\Users\lenovo\AppData\Local\Temp\ccwnCBHP.o
 .debug_abbrev  0x0000008b       0xf2 C:\Users\lenovo\AppData\Local\Temp\cc057fku.o
 .debug_abbrev  0x0000017d      0x13a C:\Users\lenovo\AppData\Local\Temp\ccsLk7Vc.o
 .debug_abbrev  0x000002b7      0x1a0 C:\Users\lenovo\AppData\Local\Temp\ccy1j5U2.o
 .debug_abbrev  0x00000457      0x17b C:\Users\lenovo\AppData\Local\Temp\ccI3axJZ.o
 .debug_abbrev  0x000005d2      0x105 C:\Users\lenovo\AppData\Local\Temp\ccGHqOz4.o
 .debug_abbrev  0x000006d7       0xae C:\Users\lenovo\AppData\Local\Temp\ccsrcfqe.o
 .debug_abbrev  0x00000785      0x12a C:\Users\lenovo\AppData\Local\Temp\ccA9Ngb6.o
 .debug_abbrev  0x000008af      0x187 C:\Users\lenovo\AppData\Local\Temp\ccxiqB5w.o
 .debug_abbrev  0x00000a36       0x26 C:\Users\lenovo\AppData\Local\Temp\ccWtAoy1.o

.debug_aranges  0x00000000      0x2d8
 .debug_aranges
                0x00000000       0x30 C:\Users\lenovo\AppData\Local\Temp\ccwnCBHP.o
 .debug_aranges
                0x00000030       0x38 C:\Users\lenovo\AppData\Local\Temp\cc057fku.o
 .debug_aranges
                0x00000068       0x68 C:\Users\lenovo\AppData\Local\Temp\ccsLk7Vc.o
 .debug_aranges
                0x000000d0       0x78 C:\Users\lenovo\AppData\Local\Temp\ccy1j5U2.o
 .debug_aranges
                0x00000148       0x78 C:\Users\lenovo\AppData\Local\Temp\ccI3axJZ.o
 .debug_aranges
                0x000001c0       0x38 C:\Users\lenovo\AppData\Local\Temp\ccGHqOz4.o
 .debug_aranges
                0x000001f8       0x28 C:\Users\lenovo\AppData\Local\Temp\ccsrcfqe.o
 .debug_aranges
                0x00000220       0x58 C:\Users\lenovo\AppData\Local\Temp\ccA9Ngb6.o
 .debug_aranges
                0x00000278       0x38 C:\Users\lenovo\AppData\Local\Temp\ccxiqB5w.o
 .debug_aranges
                0x000002b0       0x28 C:\Users\lenovo\AppData\Local\Temp\ccWtAoy1.o

.debug_rnglists
                0x00000000      0x200
 .debug_rnglists
                0x00000000       0x21 C:\Users\lenovo\AppData\Local\Temp\ccwnCBHP.o
 .debug_rnglists
                0x00000021       0x27 C:\Users\lenovo\AppData\Local\Temp\cc057fku.o
 .debug_rnglists
                0x00000048       0x4a C:\Users\lenovo\AppData\Local\Temp\ccsLk7Vc.o
 .debug_rnglists
                0x00000092       0x58 C:\Users\lenovo\AppData\Local\Temp\ccy1j5U2.o
 .debug_rnglists
                0x000000ea       0x58 C:\Users\lenovo\AppData\Local\Temp\ccI3axJZ.o
 .debug_rnglists
                0x00000142       0x26 C:\Users\lenovo\AppData\Local\Temp\ccGHqOz4.o
 .debug_rnglists
                0x00000168       0x19 C:\Users\lenovo\AppData\Local\Temp\ccsrcfqe.o
 .debug_rnglists
                0x00000181       0x3f C:\Users\lenovo\AppData\Local\Temp\ccA9Ngb6.o
 .debug_rnglists
                0x000001c0       0x27 C:\Users\lenovo\AppData\Local\Temp\ccxiqB5w.o
 .debug_rnglists
                0x000001e7       0x19 C:\Users\lenovo\AppData\Local\Temp\ccWtAoy1.o

.debug_line     0x00000000     0x10f9
 .debug_line    0x00000000       0xa6 C:\Users\lenovo\AppData\Local\Temp\ccwnCBHP.o
 .debug_line    0x000000a6      0x1a9 C:\Users\lenovo\AppData\Local\Temp\cc057fku.o
 .debug_line    0x0000024f      0x2c5 C:\Users\lenovo\AppData\Local\Temp\ccsLk7Vc.o
 .debug_line    0x00000514      0x37c C:\Users\lenovo\AppData\Local\Temp\ccy1j5U2.o
 .debug_line    0x00000890      0x279 C:\Users\lenovo\AppData\Local\Temp\ccI3axJZ.o
 .debug_line    0x00000b09      0x140 C:\Users\lenovo\AppData\Local\Temp\ccGHqOz4.o
 .debug_line    0x00000c49       0x8d C:\Users\lenovo\AppData\Local\Temp\ccsrcfqe.o
 .debug_line    0x00000cd6      0x176 C:\Users\lenovo\AppData\Local\Temp\ccA9Ngb6.o
 .debug_line    0x00000e4c      0x238 C:\Users\lenovo\AppData\Local\Temp\ccxiqB5w.o
 .debug_line    0x00001084       0x75 C:\Users\lenovo\AppData\Local\Temp\ccWtAoy1.o

.debug_str      0x00000000      0xa63
 .debug_str     0x00000000      0xa63 C:\Users\lenovo\AppData\Local\Temp\ccwnCBHP.o
                                0x1ad (size before relaxing)
 .debug_str     0x00000a63      0x292 C:\Users\lenovo\AppData\Local\Temp\cc057fku.o
 .debug_str     0x00000a63      0x2f4 C:\Users\lenovo\AppData\Local\Temp\ccsLk7Vc.o
 .debug_str     0x00000a63      0x41e C:\Users\lenovo\AppData\Local\Temp\ccy1j5U2.o
 .debug_str     0x00000a63      0x32f C:\Users\lenovo\AppData\Local\Temp\ccI3axJZ.o
 .debug_str     0x00000a63      0x24a C:\Users\lenovo\AppData\Local\Temp\ccGHqOz4.o
 .debug_str     0x00000a63      0x1b9 C:\Users\lenovo\AppData\Local\Temp\ccsrcfqe.o
 .debug_str     0x00000a63      0x236 C:\Users\lenovo\AppData\Local\Temp\ccA9Ngb6.o
 .debug_str     0x00000a63      0x348 C:\Users\lenovo\AppData\Local\Temp\ccxiqB5w.o
 .debug_str     0x00000a63       0x6e C:\Users\lenovo\AppData\Local\Temp\ccWtAoy1.o

.comment        0x00000000       0x43
 .comment       0x00000000       0x43 C:\Users\lenovo\AppData\Local\Temp\ccwnCBHP.o
                                 0x44 (size before relaxing)
 .comment       0x00000043       0x44 C:\Users\lenovo\AppData\Local\Temp\cc057fku.o
 .comment       0x00000043       0x44 C:\Users\lenovo\AppData\Local\Temp\ccsLk7Vc.o
 .comment       0x00000043       0x44 C:\Users\lenovo\AppData\Local\Temp\ccy1j5U2.o
 .comment       0x00000043       0x44 C:\Users\lenovo\AppData\Local\Temp\ccI3axJZ.o
 .comment       0x00000043       0x44 C:\Users\lenovo\AppData\Local\Temp\ccGHqOz4.o
 .comment       0x00000043       0x44 C:\Users\lenovo\AppData\Local\Temp\ccsrcfqe.o
 .comment       0x00000043       0x44 C:\Users\lenovo\AppData\Local\Temp\ccA9Ngb6.o
 .comment       0x00000043       0x44 C:\Users\lenovo\AppData\Local\Temp\ccxiqB5w.o

.debug_frame    0x00000000      0x87c
 .debug_frame   0x00000000       0x74 C:\Users\lenovo\AppData\Local\Temp\ccwnCBHP.o
 .debug_frame   0x00000074       0xa8 C:\Users\lenovo\AppData\Local\Temp\cc057fku.o
 .debug_frame   0x0000011c      0x154 C:\Users\lenovo\AppData\Local\Temp\ccsLk7Vc.o
 .debug_frame   0x00000270      0x1a8 C:\Users\lenovo\AppData\Local\Temp\ccy1j5U2.o
 .debug_frame   0x00000418      0x1a8 C:\Users\lenovo\AppData\Local\Temp\ccI3axJZ.o
 .debug_frame   0x000005c0       0xa8 C:\Users\lenovo\AppData\Local\Temp\ccGHqOz4.o
 .debug_frame   0x00000668       0x58 C:\Users\lenovo\AppData\Local\Temp\ccsrcfqe.o
 .debug_frame   0x000006c0      0x120 C:\Users\lenovo\AppData\Local\Temp\ccA9Ngb6.o
 .debug_frame   0x000007e0       0x9c C:\Users\lenovo\AppData\Local\Temp\ccxiqB5w.o

.debug_line_str
                0x00000000       0x52
 .debug_line_str
                0x00000000       0x52 C:\Users\lenovo\AppData\Local\Temp\ccWtAoy1.o
